[2021-08-04T14:30:36.371-0300][0.009s][info][gc] Using G1
[2021-08-04T14:30:36.372-0300][0.010s][debug][gc] ConcGCThreads: 3 offset 22
[2021-08-04T14:30:36.372-0300][0.010s][debug][gc] ParallelGCThreads: 10
[2021-08-04T14:30:36.372-0300][0.010s][debug][gc] Initialize mark stack with 4096 chunks, maximum 524288
[2021-08-04T14:30:36.610-0300][0.248s][info ][gc] GC(0) Pause Young (Normal) (G1 Evacuation Pause) 45M->40M(512M) 20.798ms
[2021-08-04T14:30:36.634-0300][0.272s][info ][gc] GC(1) Pause Young (Normal) (G1 Evacuation Pause) 61M->62M(512M) 13.478ms
[2021-08-04T14:30:36.661-0300][0.299s][info ][gc] GC(2) Pause Young (Normal) (G1 Evacuation Pause) 83M->85M(512M) 18.041ms
[2021-08-04T14:30:36.699-0300][0.337s][info ][gc] GC(3) Pause Young (Normal) (G1 Evacuation Pause) 114M->115M(512M) 22.133ms
[2021-08-04T14:30:36.766-0300][0.404s][info ][gc] GC(4) Pause Young (Normal) (G1 Evacuation Pause) 171M->169M(512M) 21.223ms
[2021-08-04T14:30:36.818-0300][0.456s][info ][gc] GC(5) Pause Young (Normal) (G1 Evacuation Pause) 215M->219M(512M) 28.977ms
[2021-08-04T14:30:36.874-0300][0.512s][info ][gc] GC(6) Pause Young (Normal) (G1 Evacuation Pause) 275M->277M(512M) 32.325ms
[2021-08-04T14:30:36.895-0300][0.533s][info ][gc] GC(7) Pause Young (Concurrent Start) (G1 Humongous Allocation) 283M->287M(512M) 8.506ms
[2021-08-04T14:30:36.895-0300][0.533s][info ][gc] GC(8) Concurrent Cycle
[2021-08-04T14:30:36.908-0300][0.546s][debug][gc] GC(8) Reclaimed 234 empty regions
[2021-08-04T14:30:36.908-0300][0.546s][info ][gc] GC(8) Pause Remark 307M->73M(512M) 0.806ms
[2021-08-04T14:30:36.915-0300][0.553s][info ][gc] GC(8) Pause Cleanup 84M->84M(512M) 0.147ms
[2021-08-04T14:30:36.918-0300][0.556s][info ][gc] GC(8) Concurrent Cycle 22.256ms
[2021-08-04T14:30:36.953-0300][0.591s][info ][gc] GC(9) Pause Young (Prepare Mixed) (G1 Evacuation Pause) 126M->120M(512M) 17.455ms
[2021-08-04T14:30:36.971-0300][0.609s][info ][gc] GC(10) Pause Young (Mixed) (G1 Evacuation Pause) 137M->107M(512M) 10.572ms
[2021-08-04T14:30:37.096-0300][0.734s][info ][gc] GC(11) Pause Young (Normal) (G1 Evacuation Pause) 236M->238M(512M) 43.408ms
[2021-08-04T14:30:37.157-0300][0.795s][info ][gc] GC(12) Pause Young (Concurrent Start) (G1 Humongous Allocation) 289M->291M(512M) 28.120ms
[2021-08-04T14:30:37.157-0300][0.795s][info ][gc] GC(13) Concurrent Cycle
[2021-08-04T14:30:37.175-0300][0.813s][debug][gc] GC(13) Reclaimed 211 empty regions
[2021-08-04T14:30:37.175-0300][0.813s][info ][gc] GC(13) Pause Remark 339M->128M(512M) 0.763ms
[2021-08-04T14:30:37.202-0300][0.840s][info ][gc] GC(14) Pause Young (Normal) (G1 Evacuation Pause) 151M->142M(512M) 16.686ms
[2021-08-04T14:30:37.213-0300][0.851s][info ][gc] GC(13) Pause Cleanup 165M->165M(512M) 0.104ms
[2021-08-04T14:30:37.214-0300][0.852s][info ][gc] GC(13) Concurrent Cycle 57.034ms
[2021-08-04T14:30:37.300-0300][0.938s][info ][gc] GC(15) Pause Young (Normal) (G1 Evacuation Pause) 260M->262M(512M) 38.399ms
[2021-08-04T14:30:37.348-0300][0.986s][info ][gc] GC(16) Pause Young (Concurrent Start) (G1 Evacuation Pause) 322M->325M(512M) 24.233ms
[2021-08-04T14:30:37.348-0300][0.986s][info ][gc] GC(17) Concurrent Cycle
[2021-08-04T14:30:37.432-0300][1.070s][info ][gc] GC(18) Pause Young (Normal) (G1 Evacuation Pause) 385M->387M(512M) 45.913ms
[2021-08-04T14:30:37.444-0300][1.082s][debug][gc] GC(17) Reclaimed 164 empty regions
[2021-08-04T14:30:37.444-0300][1.082s][info ][gc] GC(17) Pause Remark 406M->242M(512M) 0.678ms
[2021-08-04T14:30:37.464-0300][1.102s][info ][gc] GC(19) Pause Young (Normal) (G1 Evacuation Pause) 244M->247M(512M) 17.739ms
[2021-08-04T14:30:37.534-0300][1.172s][info ][gc] GC(20) Pause Young (Normal) (G1 Evacuation Pause) 312M->315M(512M) 35.669ms
[2021-08-04T14:30:37.572-0300][1.210s][info ][gc] GC(17) Pause Cleanup 370M->370M(512M) 0.201ms
[2021-08-04T14:30:37.573-0300][1.211s][info ][gc] GC(17) Concurrent Cycle 225.148ms
[2021-08-04T14:30:37.600-0300][1.238s][info ][gc] GC(21) Pause Young (Prepare Mixed) (G1 Evacuation Pause) 379M->381M(512M) 22.013ms
[2021-08-04T14:30:37.625-0300][1.263s][info ][gc] GC(22) Pause Young (Mixed) (G1 Evacuation Pause) 399M->369M(512M) 17.021ms
[2021-08-04T14:30:37.651-0300][1.289s][info ][gc] GC(23) Pause Young (Concurrent Start) (G1 Evacuation Pause) 396M->399M(512M) 13.124ms
[2021-08-04T14:30:37.651-0300][1.289s][info ][gc] GC(24) Concurrent Cycle
[2021-08-04T14:30:37.679-0300][1.317s][info ][gc] GC(25) Pause Young (Normal) (G1 Evacuation Pause) 420M->423M(512M) 14.754ms
[2021-08-04T14:30:37.722-0300][1.360s][info ][gc] GC(26) Pause Young (Normal) (G1 Evacuation Pause) 464M->465M(512M) 15.145ms
[2021-08-04T14:30:37.751-0300][1.389s][info ][gc] GC(27) To-space exhausted
[2021-08-04T14:30:37.751-0300][1.389s][info ][gc] GC(27) Pause Young (Normal) (G1 Evacuation Pause) 486M->494M(512M) 15.959ms
[2021-08-04T14:30:37.761-0300][1.399s][debug][gc] GC(24) Reclaimed 264 empty regions
[2021-08-04T14:30:37.762-0300][1.400s][info ][gc] GC(24) Pause Remark 509M->245M(512M) 0.806ms
[2021-08-04T14:30:37.784-0300][1.422s][info ][gc] GC(28) Pause Young (Normal) (G1 Evacuation Pause) 251M->253M(512M) 17.040ms
[2021-08-04T14:30:37.842-0300][1.480s][info ][gc] GC(29) Pause Young (Normal) (G1 Evacuation Pause) 316M->318M(512M) 23.293ms
[2021-08-04T14:30:37.864-0300][1.502s][info ][gc] GC(24) Pause Cleanup 365M->365M(512M) 0.102ms
[2021-08-04T14:30:37.865-0300][1.503s][info ][gc] GC(24) Concurrent Cycle 214.085ms
[2021-08-04T14:30:37.887-0300][1.525s][info ][gc] GC(30) Pause Young (Prepare Mixed) (G1 Evacuation Pause) 381M->383M(512M) 16.330ms
[2021-08-04T14:30:37.910-0300][1.548s][info ][gc] GC(31) Pause Young (Mixed) (G1 Evacuation Pause) 401M->373M(512M) 14.754ms
[2021-08-04T14:30:37.930-0300][1.568s][info ][gc] GC(32) Pause Young (Concurrent Start) (G1 Evacuation Pause) 398M->401M(512M) 10.152ms
[2021-08-04T14:30:37.930-0300][1.568s][info ][gc] GC(33) Concurrent Cycle
[2021-08-04T14:30:37.953-0300][1.591s][info ][gc] GC(34) Pause Young (Normal) (G1 Evacuation Pause) 422M->425M(512M) 12.905ms
[2021-08-04T14:30:37.984-0300][1.622s][info ][gc] GC(35) Pause Young (Normal) (G1 Evacuation Pause) 466M->468M(512M) 9.533ms
[2021-08-04T14:30:38.007-0300][1.645s][info ][gc] GC(36) To-space exhausted
[2021-08-04T14:30:38.007-0300][1.645s][info ][gc] GC(36) Pause Young (Normal) (G1 Evacuation Pause) 489M->500M(512M) 12.502ms
[2021-08-04T14:30:38.022-0300][1.660s][info ][gc] GC(37) To-space exhausted
[2021-08-04T14:30:38.022-0300][1.660s][info ][gc] GC(37) Pause Young (Normal) (G1 Evacuation Pause) 510M->510M(512M) 10.611ms
[2021-08-04T14:30:38.023-0300][1.661s][debug][gc] GC(38) Clear Next Bitmap 0.638ms
[2021-08-04T14:30:38.056-0300][1.694s][info ][gc] GC(38) Pause Full (G1 Evacuation Pause) 510M->62M(512M) 33.621ms
[2021-08-04T14:30:38.056-0300][1.694s][info ][gc] GC(33) Concurrent Cycle 126.104ms
[2021-08-04T14:30:38.169-0300][1.807s][info ][gc] GC(39) Pause Young (Normal) (G1 Evacuation Pause) 205M->205M(512M) 44.133ms
[2021-08-04T14:30:38.237-0300][1.875s][info ][gc] GC(40) Pause Young (Concurrent Start) (G1 Humongous Allocation) 271M->273M(512M) 28.355ms
[2021-08-04T14:30:38.237-0300][1.875s][info ][gc] GC(41) Concurrent Cycle
[2021-08-04T14:30:38.255-0300][1.893s][debug][gc] GC(41) Reclaimed 183 empty regions
[2021-08-04T14:30:38.255-0300][1.893s][info ][gc] GC(41) Pause Remark 331M->152M(512M) 0.760ms
[2021-08-04T14:30:38.283-0300][1.921s][info ][gc] GC(42) Pause Young (Normal) (G1 Evacuation Pause) 170M->161M(512M) 19.940ms
[2021-08-04T14:30:38.298-0300][1.936s][info ][gc] GC(41) Pause Cleanup 200M->200M(512M) 0.093ms
[2021-08-04T14:30:38.299-0300][1.937s][info ][gc] GC(41) Concurrent Cycle 62.115ms
[2021-08-04T14:30:38.342-0300][1.980s][info ][gc] GC(43) Pause Young (Concurrent Start) (G1 Humongous Allocation) 220M->222M(512M) 24.723ms
[2021-08-04T14:30:38.342-0300][1.980s][info ][gc] GC(44) Concurrent Cycle
[2021-08-04T14:30:38.356-0300][1.994s][debug][gc] GC(44) Reclaimed 139 empty regions
[2021-08-04T14:30:38.356-0300][1.994s][info ][gc] GC(44) Pause Remark 273M->134M(512M) 0.475ms
[2021-08-04T14:30:38.397-0300][2.035s][info ][gc] GC(45) Pause Young (Normal) (G1 Evacuation Pause) 176M->166M(512M) 23.367ms
[2021-08-04T14:30:38.399-0300][2.037s][info ][gc] GC(44) Pause Cleanup 172M->172M(512M) 0.121ms
[2021-08-04T14:30:38.400-0300][2.038s][info ][gc] GC(44) Concurrent Cycle 58.643ms
[2021-08-04T14:30:38.447-0300][2.085s][info ][gc] GC(46) Pause Young (Concurrent Start) (G1 Humongous Allocation) 208M->210M(512M) 20.900ms
[2021-08-04T14:30:38.447-0300][2.085s][info ][gc] GC(47) Concurrent Cycle
[2021-08-04T14:30:38.460-0300][2.098s][debug][gc] GC(47) Reclaimed 140 empty regions
[2021-08-04T14:30:38.460-0300][2.098s][info ][gc] GC(47) Pause Remark 255M->115M(512M) 0.450ms
[2021-08-04T14:30:38.477-0300][2.115s][info ][gc] GC(47) Pause Cleanup 153M->153M(512M) 0.152ms
[2021-08-04T14:30:38.478-0300][2.115s][info ][gc] GC(47) Concurrent Cycle 30.745ms
[2021-08-04T14:30:38.506-0300][2.144s][info ][gc] GC(48) Pause Young (Normal) (G1 Evacuation Pause) 167M->156M(512M) 23.662ms
[2021-08-04T14:30:38.555-0300][2.193s][info ][gc] GC(49) Pause Young (Concurrent Start) (G1 Humongous Allocation) 194M->196M(512M) 22.984ms
[2021-08-04T14:30:38.555-0300][2.193s][info ][gc] GC(50) Concurrent Cycle
[2021-08-04T14:30:38.569-0300][2.207s][debug][gc] GC(50) Reclaimed 128 empty regions
[2021-08-04T14:30:38.569-0300][2.207s][info ][gc] GC(50) Pause Remark 240M->112M(512M) 0.545ms
[2021-08-04T14:30:38.586-0300][2.224s][info ][gc] GC(50) Pause Cleanup 147M->147M(512M) 0.107ms
[2021-08-04T14:30:38.587-0300][2.225s][info ][gc] GC(50) Concurrent Cycle 31.570ms
[2021-08-04T14:30:38.640-0300][2.278s][info ][gc] GC(51) Pause Young (Normal) (G1 Evacuation Pause) 169M->157M(512M) 43.178ms
[2021-08-04T14:30:38.696-0300][2.334s][info ][gc] GC(52) Pause Young (Concurrent Start) (G1 Humongous Allocation) 191M->194M(512M) 25.071ms
[2021-08-04T14:30:38.696-0300][2.334s][info ][gc] GC(53) Concurrent Cycle
[2021-08-04T14:30:38.713-0300][2.351s][debug][gc] GC(53) Reclaimed 130 empty regions
[2021-08-04T14:30:38.713-0300][2.351s][info ][gc] GC(53) Pause Remark 233M->103M(512M) 0.683ms
[2021-08-04T14:30:38.730-0300][2.368s][info ][gc] GC(53) Pause Cleanup 133M->133M(512M) 0.105ms
[2021-08-04T14:30:38.730-0300][2.368s][info ][gc] GC(53) Concurrent Cycle 33.980ms
[2021-08-04T14:30:38.778-0300][2.416s][info ][gc] GC(54) Pause Young (Normal) (G1 Evacuation Pause) 166M->155M(512M) 31.615ms
[2021-08-04T14:30:38.823-0300][2.461s][info ][gc] GC(55) Pause Young (Concurrent Start) (G1 Humongous Allocation) 188M->190M(512M) 20.446ms
[2021-08-04T14:30:38.823-0300][2.461s][info ][gc] GC(56) Concurrent Cycle
[2021-08-04T14:30:38.835-0300][2.473s][debug][gc] GC(56) Reclaimed 128 empty regions
[2021-08-04T14:30:38.835-0300][2.473s][info ][gc] GC(56) Pause Remark 232M->104M(512M) 0.462ms
[2021-08-04T14:30:38.846-0300][2.484s][info ][gc] GC(56) Pause Cleanup 133M->133M(512M) 0.175ms
[2021-08-04T14:30:38.847-0300][2.485s][info ][gc] GC(56) Concurrent Cycle 23.608ms
[2021-08-04T14:30:38.885-0300][2.523s][info ][gc] GC(57) Pause Young (Normal) (G1 Evacuation Pause) 165M->154M(512M) 25.640ms
[2021-08-04T14:30:38.936-0300][2.574s][info ][gc] GC(58) Pause Young (Concurrent Start) (G1 Humongous Allocation) 186M->188M(512M) 25.616ms
[2021-08-04T14:30:38.936-0300][2.574s][info ][gc] GC(59) Concurrent Cycle
[2021-08-04T14:30:38.950-0300][2.588s][debug][gc] GC(59) Reclaimed 126 empty regions
[2021-08-04T14:30:38.950-0300][2.588s][info ][gc] GC(59) Pause Remark 228M->102M(512M) 0.587ms
[2021-08-04T14:30:38.970-0300][2.608s][info ][gc] GC(59) Pause Cleanup 134M->134M(512M) 0.128ms
[2021-08-04T14:30:38.972-0300][2.610s][info ][gc] GC(59) Concurrent Cycle 36.300ms
[2021-08-04T14:30:39.038-0300][2.676s][info ][gc] GC(60) Pause Young (Normal) (G1 Evacuation Pause) 166M->155M(512M) 49.510ms
[2021-08-04T14:30:39.085-0300][2.723s][info ][gc] GC(61) Pause Young (Concurrent Start) (G1 Humongous Allocation) 186M->188M(512M) 18.668ms
[2021-08-04T14:30:39.085-0300][2.723s][info ][gc] GC(62) Concurrent Cycle
[2021-08-04T14:30:39.096-0300][2.734s][debug][gc] GC(62) Reclaimed 125 empty regions
[2021-08-04T14:30:39.096-0300][2.734s][info ][gc] GC(62) Pause Remark 229M->104M(512M) 0.507ms
[2021-08-04T14:30:39.108-0300][2.746s][info ][gc] GC(62) Pause Cleanup 133M->133M(512M) 0.162ms
[2021-08-04T14:30:39.109-0300][2.747s][info ][gc] GC(62) Concurrent Cycle 24.243ms
[2021-08-04T14:30:39.149-0300][2.787s][info ][gc] GC(63) Pause Young (Normal) (G1 Evacuation Pause) 167M->155M(512M) 26.379ms
[2021-08-04T14:30:39.190-0300][2.828s][info ][gc] GC(64) Pause Young (Concurrent Start) (G1 Humongous Allocation) 186M->188M(512M) 18.403ms
[2021-08-04T14:30:39.190-0300][2.828s][info ][gc] GC(65) Concurrent Cycle
[2021-08-04T14:30:39.205-0300][2.843s][debug][gc] GC(65) Reclaimed 126 empty regions
[2021-08-04T14:30:39.205-0300][2.843s][info ][gc] GC(65) Pause Remark 227M->101M(512M) 0.525ms
[2021-08-04T14:30:39.223-0300][2.861s][info ][gc] GC(65) Pause Cleanup 132M->132M(512M) 0.123ms
[2021-08-04T14:30:39.225-0300][2.863s][info ][gc] GC(65) Concurrent Cycle 34.773ms
[2021-08-04T14:30:39.293-0300][2.931s][info ][gc] GC(66) Pause Young (Normal) (G1 Evacuation Pause) 165M->153M(512M) 49.402ms
[2021-08-04T14:30:39.348-0300][2.986s][info ][gc] GC(67) Pause Young (Concurrent Start) (G1 Humongous Allocation) 185M->187M(512M) 26.064ms
[2021-08-04T14:30:39.348-0300][2.986s][info ][gc] GC(68) Concurrent Cycle
[2021-08-04T14:30:39.362-0300][3.000s][debug][gc] GC(68) Reclaimed 123 empty regions
[2021-08-04T14:30:39.362-0300][3.000s][info ][gc] GC(68) Pause Remark 225M->102M(512M) 0.540ms
[2021-08-04T14:30:39.378-0300][3.016s][info ][gc] GC(68) Pause Cleanup 133M->133M(512M) 0.154ms
[2021-08-04T14:30:39.379-0300][3.017s][info ][gc] GC(68) Concurrent Cycle 31.075ms
[2021-08-04T14:30:39.422-0300][3.060s][info ][gc] GC(69) Pause Young (Normal) (G1 Evacuation Pause) 168M->157M(512M) 26.701ms
[2021-08-04T14:30:39.466-0300][3.104s][info ][gc] GC(70) Pause Young (Concurrent Start) (G1 Humongous Allocation) 188M->190M(512M) 18.493ms
[2021-08-04T14:30:39.466-0300][3.104s][info ][gc] GC(71) Concurrent Cycle
[2021-08-04T14:30:39.478-0300][3.116s][debug][gc] GC(71) Reclaimed 127 empty regions
[2021-08-04T14:30:39.478-0300][3.116s][info ][gc] GC(71) Pause Remark 231M->104M(512M) 0.449ms
[2021-08-04T14:30:39.494-0300][3.132s][info ][gc] GC(71) Pause Cleanup 134M->134M(512M) 0.127ms
[2021-08-04T14:30:39.496-0300][3.134s][info ][gc] GC(71) Concurrent Cycle 29.322ms
[2021-08-04T14:30:39.562-0300][3.200s][info ][gc] GC(72) Pause Young (Normal) (G1 Evacuation Pause) 166M->154M(512M) 50.095ms
[2021-08-04T14:30:39.620-0300][3.258s][info ][gc] GC(73) Pause Young (Concurrent Start) (G1 Humongous Allocation) 186M->189M(512M) 26.046ms
[2021-08-04T14:30:39.620-0300][3.258s][info ][gc] GC(74) Concurrent Cycle
[2021-08-04T14:30:39.636-0300][3.274s][debug][gc] GC(74) Reclaimed 125 empty regions
[2021-08-04T14:30:39.636-0300][3.274s][info ][gc] GC(74) Pause Remark 228M->103M(512M) 0.704ms
[2021-08-04T14:30:39.659-0300][3.296s][info ][gc] GC(74) Pause Cleanup 137M->137M(512M) 0.160ms
[2021-08-04T14:30:39.660-0300][3.298s][info ][gc] GC(74) Concurrent Cycle 39.954ms
[2021-08-04T14:30:39.725-0300][3.363s][info ][gc] GC(75) Pause Young (Normal) (G1 Evacuation Pause) 167M->155M(512M) 47.191ms
[2021-08-04T14:30:39.856-0300][3.494s][info ][gc] GC(76) Pause Young (Normal) (G1 Evacuation Pause) 269M->272M(512M) 64.254ms
[2021-08-04T14:30:39.927-0300][3.565s][info ][gc] GC(77) Pause Young (Concurrent Start) (G1 Humongous Allocation) 324M->326M(512M) 27.866ms
[2021-08-04T14:30:39.927-0300][3.565s][info ][gc] GC(78) Concurrent Cycle
[2021-08-04T14:30:39.947-0300][3.585s][debug][gc] GC(78) Reclaimed 239 empty regions
[2021-08-04T14:30:39.947-0300][3.585s][info ][gc] GC(78) Pause Remark 376M->137M(512M) 0.549ms
[2021-08-04T14:30:39.968-0300][3.606s][info ][gc] GC(79) Pause Young (Normal) (G1 Evacuation Pause) 147M->141M(512M) 16.166ms
[2021-08-04T14:30:39.988-0300][3.626s][info ][gc] GC(78) Pause Cleanup 182M->182M(512M) 0.102ms
[2021-08-04T14:30:39.988-0300][3.626s][info ][gc] GC(78) Concurrent Cycle 61.378ms
[2021-08-04T14:30:40.071-0300][3.708s][info ][gc] GC(80) Pause Young (Normal) (G1 Evacuation Pause) 259M->261M(512M) 40.769ms
[2021-08-04T14:30:40.144-0300][3.782s][info ][gc] GC(81) Pause Young (Concurrent Start) (G1 Evacuation Pause) 321M->323M(512M) 45.488ms
[2021-08-04T14:30:40.144-0300][3.782s][info ][gc] GC(82) Concurrent Cycle
[2021-08-04T14:30:40.228-0300][3.866s][info ][gc] GC(83) Pause Young (Normal) (G1 Evacuation Pause) 384M->387M(512M) 33.235ms
[2021-08-04T14:30:40.236-0300][3.874s][debug][gc] GC(82) Reclaimed 174 empty regions
[2021-08-04T14:30:40.236-0300][3.874s][info ][gc] GC(82) Pause Remark 403M->229M(512M) 0.533ms
[2021-08-04T14:30:40.255-0300][3.893s][info ][gc] GC(84) Pause Young (Normal) (G1 Evacuation Pause) 234M->237M(512M) 15.543ms
[2021-08-04T14:30:40.314-0300][3.952s][info ][gc] GC(85) Pause Young (Normal) (G1 Evacuation Pause) 305M->308M(512M) 29.064ms
[2021-08-04T14:30:40.326-0300][3.963s][info ][gc] GC(82) Pause Cleanup 325M->325M(512M) 0.100ms
[2021-08-04T14:30:40.326-0300][3.964s][info ][gc] GC(82) Concurrent Cycle 181.849ms
[2021-08-04T14:30:40.372-0300][4.010s][info ][gc] GC(86) Pause Young (Prepare Mixed) (G1 Evacuation Pause) 374M->377M(512M) 22.401ms
[2021-08-04T14:30:40.397-0300][4.035s][info ][gc] GC(87) Pause Young (Mixed) (G1 Evacuation Pause) 395M->365M(512M) 17.493ms
[2021-08-04T14:30:40.432-0300][4.070s][info ][gc] GC(88) Pause Young (Concurrent Start) (G1 Evacuation Pause) 393M->395M(512M) 19.212ms
[2021-08-04T14:30:40.432-0300][4.070s][info ][gc] GC(89) Concurrent Cycle
[2021-08-04T14:30:40.464-0300][4.102s][info ][gc] GC(90) Pause Young (Normal) (G1 Evacuation Pause) 416M->419M(512M) 16.314ms
[2021-08-04T14:30:40.516-0300][4.154s][info ][gc] GC(91) Pause Young (Normal) (G1 Evacuation Pause) 460M->461M(512M) 17.569ms
[2021-08-04T14:30:40.541-0300][4.179s][info ][gc] GC(92) Pause Young (Normal) (G1 Evacuation Pause) 482M->484M(512M) 12.422ms
[2021-08-04T14:30:40.553-0300][4.191s][debug][gc] GC(89) Reclaimed 270 empty regions
[2021-08-04T14:30:40.553-0300][4.191s][info ][gc] GC(89) Pause Remark 502M->232M(512M) 0.624ms
[2021-08-04T14:30:40.569-0300][4.207s][info ][gc] GC(93) Pause Young (Normal) (G1 Evacuation Pause) 235M->237M(512M) 14.430ms
[2021-08-04T14:30:40.631-0300][4.269s][info ][gc] GC(94) Pause Young (Normal) (G1 Evacuation Pause) 305M->307M(512M) 28.784ms
[2021-08-04T14:30:40.652-0300][4.290s][info ][gc] GC(89) Pause Cleanup 344M->344M(512M) 0.158ms
[2021-08-04T14:30:40.652-0300][4.290s][info ][gc] GC(89) Concurrent Cycle 220.166ms
[2021-08-04T14:30:40.684-0300][4.322s][info ][gc] GC(95) Pause Young (Prepare Mixed) (G1 Evacuation Pause) 373M->376M(512M) 19.421ms
[2021-08-04T14:30:40.717-0300][4.355s][info ][gc] GC(96) Pause Young (Mixed) (G1 Evacuation Pause) 394M->370M(512M) 25.283ms
[2021-08-04T14:30:40.753-0300][4.391s][info ][gc] GC(97) Pause Young (Concurrent Start) (G1 Evacuation Pause) 396M->398M(512M) 19.283ms
[2021-08-04T14:30:40.753-0300][4.391s][info ][gc] GC(98) Concurrent Cycle
[2021-08-04T14:30:40.786-0300][4.424s][info ][gc] GC(99) Pause Young (Normal) (G1 Evacuation Pause) 419M->421M(512M) 17.102ms
[2021-08-04T14:30:40.831-0300][4.469s][info ][gc] GC(100) Pause Young (Normal) (G1 Evacuation Pause) 462M->464M(512M) 16.361ms
[2021-08-04T14:30:40.865-0300][4.503s][info ][gc] GC(101) To-space exhausted
[2021-08-04T14:30:40.865-0300][4.503s][info ][gc] GC(101) Pause Young (Normal) (G1 Evacuation Pause) 485M->489M(512M) 18.608ms
[2021-08-04T14:30:40.914-0300][4.552s][info ][gc] GC(102) To-space exhausted
[2021-08-04T14:30:40.914-0300][4.552s][info ][gc] GC(102) Pause Young (Normal) (G1 Evacuation Pause) 510M->510M(512M) 28.822ms
[2021-08-04T14:30:40.915-0300][4.553s][debug][gc] GC(103) Clear Next Bitmap 0.794ms
[2021-08-04T14:30:40.979-0300][4.617s][info ][gc] GC(103) Pause Full (G1 Evacuation Pause) 510M->79M(512M) 64.718ms
[2021-08-04T14:30:40.979-0300][4.617s][info ][gc] GC(98) Concurrent Cycle 225.750ms
[2021-08-04T14:30:41.143-0300][4.781s][info ][gc] GC(104) Pause Young (Normal) (G1 Evacuation Pause) 217M->217M(512M) 73.188ms
[2021-08-04T14:30:41.211-0300][4.849s][info ][gc] GC(105) Pause Young (Concurrent Start) (G1 Humongous Allocation) 271M->274M(512M) 27.770ms
[2021-08-04T14:30:41.211-0300][4.849s][info ][gc] GC(106) Concurrent Cycle
[2021-08-04T14:30:41.231-0300][4.869s][debug][gc] GC(106) Reclaimed 198 empty regions
[2021-08-04T14:30:41.231-0300][4.869s][info ][gc] GC(106) Pause Remark 320M->126M(512M) 0.545ms
[2021-08-04T14:30:41.263-0300][4.901s][info ][gc] GC(107) Pause Young (Normal) (G1 Evacuation Pause) 155M->147M(512M) 18.935ms
[2021-08-04T14:30:41.273-0300][4.911s][info ][gc] GC(106) Pause Cleanup 167M->167M(512M) 0.092ms
[2021-08-04T14:30:41.274-0300][4.912s][info ][gc] GC(106) Concurrent Cycle 62.489ms
[2021-08-04T14:30:41.393-0300][5.031s][info ][gc] GC(108) Pause Young (Normal) (G1 Evacuation Pause) 263M->265M(512M) 65.406ms
[2021-08-04T14:30:41.454-0300][5.092s][info ][gc] GC(109) Pause Young (Concurrent Start) (G1 Evacuation Pause) 324M->326M(512M) 26.720ms
[2021-08-04T14:30:41.454-0300][5.092s][info ][gc] GC(110) Concurrent Cycle
[2021-08-04T14:30:41.503-0300][5.141s][info ][gc] GC(111) Pause Young (Normal) (G1 Evacuation Pause) 386M->389M(512M) 17.237ms
[2021-08-04T14:30:41.521-0300][5.158s][info ][gc] GC(112) Pause Young (Normal) (G1 Evacuation Pause) 409M->411M(512M) 9.516ms
[2021-08-04T14:30:41.524-0300][5.162s][debug][gc] GC(110) Reclaimed 178 empty regions
[2021-08-04T14:30:41.524-0300][5.162s][info ][gc] GC(110) Pause Remark 418M->240M(512M) 0.917ms
[2021-08-04T14:30:41.545-0300][5.183s][info ][gc] GC(113) Pause Young (Normal) (G1 Evacuation Pause) 254M->256M(512M) 11.704ms
[2021-08-04T14:30:41.618-0300][5.256s][info ][gc] GC(114) Pause Young (Normal) (G1 Evacuation Pause) 338M->340M(512M) 27.587ms
[2021-08-04T14:30:41.634-0300][5.272s][info ][gc] GC(110) Pause Cleanup 374M->374M(512M) 0.200ms
[2021-08-04T14:30:41.636-0300][5.274s][info ][gc] GC(110) Concurrent Cycle 182.139ms
[2021-08-04T14:30:41.656-0300][5.294s][info ][gc] GC(115) Pause Young (Normal) (G1 Evacuation Pause) 376M->379M(512M) 19.292ms
[2021-08-04T14:30:41.681-0300][5.319s][info ][gc] GC(116) Pause Young (Concurrent Start) (G1 Evacuation Pause) 403M->405M(512M) 12.705ms
[2021-08-04T14:30:41.681-0300][5.319s][info ][gc] GC(117) Concurrent Cycle
[2021-08-04T14:30:41.714-0300][5.352s][info ][gc] GC(118) Pause Young (Normal) (G1 Evacuation Pause) 426M->428M(512M) 16.723ms
[2021-08-04T14:30:41.748-0300][5.386s][info ][gc] GC(119) Pause Young (Normal) (G1 Evacuation Pause) 449M->451M(512M) 18.131ms
[2021-08-04T14:30:41.806-0300][5.444s][info ][gc] GC(120) To-space exhausted
[2021-08-04T14:30:41.807-0300][5.445s][info ][gc] GC(120) Pause Young (Normal) (G1 Evacuation Pause) 492M->504M(512M) 24.500ms
[2021-08-04T14:30:41.808-0300][5.446s][debug][gc] GC(117) Reclaimed 282 empty regions
[2021-08-04T14:30:41.808-0300][5.446s][info ][gc] GC(117) Pause Remark 505M->223M(512M) 0.783ms
[2021-08-04T14:30:41.832-0300][5.470s][info ][gc] GC(121) Pause Young (Normal) (G1 Evacuation Pause) 243M->244M(512M) 12.511ms
[2021-08-04T14:30:41.884-0300][5.522s][info ][gc] GC(122) Pause Young (Normal) (G1 Evacuation Pause) 310M->312M(512M) 20.436ms
[2021-08-04T14:30:41.895-0300][5.533s][info ][gc] GC(117) Pause Cleanup 323M->323M(512M) 0.151ms
[2021-08-04T14:30:41.896-0300][5.534s][info ][gc] GC(117) Concurrent Cycle 214.801ms
[2021-08-04T14:30:41.935-0300][5.573s][info ][gc] GC(123) Pause Young (Prepare Mixed) (G1 Evacuation Pause) 377M->379M(512M) 17.841ms
[2021-08-04T14:30:41.958-0300][5.596s][info ][gc] GC(124) Pause Young (Mixed) (G1 Evacuation Pause) 397M->370M(512M) 15.759ms
[2021-08-04T14:30:41.982-0300][5.620s][info ][gc] GC(125) Pause Young (Concurrent Start) (G1 Evacuation Pause) 396M->397M(512M) 12.203ms
[2021-08-04T14:30:41.982-0300][5.620s][info ][gc] GC(126) Concurrent Cycle
[2021-08-04T14:30:42.010-0300][5.648s][info ][gc] GC(127) Pause Young (Normal) (G1 Evacuation Pause) 418M->421M(512M) 15.462ms
[2021-08-04T14:30:42.062-0300][5.700s][info ][gc] GC(128) Pause Young (Normal) (G1 Evacuation Pause) 462M->464M(512M) 20.280ms
[2021-08-04T14:30:42.095-0300][5.733s][info ][gc] GC(129) To-space exhausted
[2021-08-04T14:30:42.095-0300][5.733s][info ][gc] GC(129) Pause Young (Normal) (G1 Evacuation Pause) 485M->488M(512M) 17.522ms
[2021-08-04T14:30:42.108-0300][5.746s][debug][gc] GC(126) Reclaimed 275 empty regions
[2021-08-04T14:30:42.108-0300][5.746s][info ][gc] GC(126) Pause Remark 504M->229M(512M) 1.189ms
[2021-08-04T14:30:42.124-0300][5.762s][info ][gc] GC(130) Pause Young (Normal) (G1 Evacuation Pause) 234M->236M(512M) 12.430ms
[2021-08-04T14:30:42.206-0300][5.844s][info ][gc] GC(131) Pause Young (Normal) (G1 Evacuation Pause) 324M->326M(512M) 32.953ms
[2021-08-04T14:30:42.215-0300][5.853s][info ][gc] GC(126) Pause Cleanup 348M->348M(512M) 0.154ms
[2021-08-04T14:30:42.216-0300][5.853s][info ][gc] GC(126) Concurrent Cycle 233.646ms
[2021-08-04T14:30:42.245-0300][5.883s][info ][gc] GC(132) Pause Young (Normal) (G1 Evacuation Pause) 366M->368M(512M) 23.202ms
[2021-08-04T14:30:42.268-0300][5.906s][info ][gc] GC(133) Pause Young (Concurrent Start) (G1 Evacuation Pause) 395M->397M(512M) 10.927ms
[2021-08-04T14:30:42.268-0300][5.906s][info ][gc] GC(134) Concurrent Cycle
[2021-08-04T14:30:42.290-0300][5.928s][info ][gc] GC(135) Pause Young (Normal) (G1 Evacuation Pause) 417M->419M(512M) 13.880ms
[2021-08-04T14:30:42.320-0300][5.958s][info ][gc] GC(136) Pause Young (Normal) (G1 Evacuation Pause) 440M->443M(512M) 16.782ms
[2021-08-04T14:30:42.351-0300][5.989s][debug][gc] GC(134) Reclaimed 293 empty regions
[2021-08-04T14:30:42.351-0300][5.989s][info ][gc] GC(134) Pause Remark 482M->189M(512M) 1.017ms
[2021-08-04T14:30:42.374-0300][6.011s][info ][gc] GC(137) Pause Young (Normal) (G1 Evacuation Pause) 191M->193M(512M) 20.703ms
[2021-08-04T14:30:42.486-0300][6.124s][info ][gc] GC(138) Pause Young (Normal) (G1 Evacuation Pause) 275M->277M(512M) 49.670ms
[2021-08-04T14:30:42.503-0300][6.141s][info ][gc] GC(134) Pause Cleanup 295M->295M(512M) 0.202ms
[2021-08-04T14:30:42.504-0300][6.142s][info ][gc] GC(134) Concurrent Cycle 236.469ms
[2021-08-04T14:30:42.527-0300][6.165s][info ][gc] GC(139) Pause Young (Concurrent Start) (G1 Humongous Allocation) 295M->297M(512M) 15.784ms
[2021-08-04T14:30:42.527-0300][6.165s][info ][gc] GC(140) Concurrent Cycle
[2021-08-04T14:30:42.542-0300][6.180s][debug][gc] GC(140) Reclaimed 258 empty regions
[2021-08-04T14:30:42.542-0300][6.180s][info ][gc] GC(140) Pause Remark 328M->70M(512M) 1.239ms
[2021-08-04T14:30:42.562-0300][6.200s][info ][gc] GC(140) Pause Cleanup 94M->94M(512M) 0.094ms
[2021-08-04T14:30:42.563-0300][6.201s][info ][gc] GC(140) Concurrent Cycle 35.287ms
[2021-08-04T14:30:42.598-0300][6.236s][info ][gc] GC(141) Pause Young (Normal) (G1 Evacuation Pause) 108M->101M(512M) 26.287ms
[2021-08-04T14:30:42.750-0300][6.388s][info ][gc] GC(142) Pause Young (Normal) (G1 Evacuation Pause) 232M->234M(512M) 55.610ms
[2021-08-04T14:30:42.819-0300][6.457s][info ][gc] GC(143) Pause Young (Concurrent Start) (G1 Evacuation Pause) 303M->306M(512M) 33.361ms
[2021-08-04T14:30:42.819-0300][6.457s][info ][gc] GC(144) Concurrent Cycle
[2021-08-04T14:30:42.879-0300][6.517s][info ][gc] GC(145) Pause Young (Normal) (G1 Evacuation Pause) 372M->375M(512M) 24.256ms
[2021-08-04T14:30:42.910-0300][6.548s][info ][gc] GC(146) Pause Young (Normal) (G1 Evacuation Pause) 400M->403M(512M) 13.756ms
[2021-08-04T14:30:42.918-0300][6.556s][debug][gc] GC(144) Reclaimed 134 empty regions
[2021-08-04T14:30:42.918-0300][6.556s][info ][gc] GC(144) Pause Remark 418M->284M(512M) 0.528ms
[2021-08-04T14:30:42.935-0300][6.573s][info ][gc] GC(147) Pause Young (Normal) (G1 Evacuation Pause) 289M->291M(512M) 14.420ms
[2021-08-04T14:30:43.002-0300][6.640s][info ][gc] GC(148) Pause Young (Normal) (G1 Evacuation Pause) 362M->364M(512M) 25.842ms
[2021-08-04T14:30:43.025-0300][6.663s][info ][gc] GC(149) Pause Young (Normal) (G1 Evacuation Pause) 392M->395M(512M) 11.400ms
[2021-08-04T14:30:43.045-0300][6.683s][info ][gc] GC(150) Pause Young (Normal) (G1 Evacuation Pause) 415M->417M(512M) 11.714ms
[2021-08-04T14:30:43.055-0300][6.693s][info ][gc] GC(144) Pause Cleanup 438M->438M(512M) 0.120ms
[2021-08-04T14:30:43.064-0300][6.702s][info ][gc] GC(151) Pause Young (Normal) (G1 Evacuation Pause) 438M->441M(512M) 8.319ms
[2021-08-04T14:30:43.065-0300][6.702s][info ][gc] GC(144) Concurrent Cycle 245.320ms
[2021-08-04T14:30:43.096-0300][6.734s][info ][gc] GC(152) Pause Young (Concurrent Start) (G1 Humongous Allocation) 460M->461M(512M) 14.438ms
[2021-08-04T14:30:43.097-0300][6.735s][info ][gc] GC(153) Concurrent Cycle
[2021-08-04T14:30:43.111-0300][6.749s][debug][gc] GC(153) Reclaimed 429 empty regions
[2021-08-04T14:30:43.111-0300][6.749s][info ][gc] GC(153) Pause Remark 491M->62M(512M) 1.195ms
[2021-08-04T14:30:43.136-0300][6.774s][info ][gc] GC(154) Pause Young (Normal) (G1 Evacuation Pause) 73M->71M(512M) 15.951ms
[2021-08-04T14:30:43.147-0300][6.785s][info ][gc] GC(153) Pause Cleanup 84M->84M(512M) 0.185ms
[2021-08-04T14:30:43.149-0300][6.787s][info ][gc] GC(153) Concurrent Cycle 52.065ms
[2021-08-04T14:30:43.290-0300][6.928s][info ][gc] GC(155) Pause Young (Normal) (G1 Evacuation Pause) 212M->214M(512M) 53.749ms
[2021-08-04T14:30:43.354-0300][6.992s][info ][gc] GC(156) Pause Young (Concurrent Start) (G1 Evacuation Pause) 289M->292M(512M) 28.263ms
[2021-08-04T14:30:43.354-0300][6.992s][info ][gc] GC(157) Concurrent Cycle
[2021-08-04T14:30:43.430-0300][7.068s][info ][gc] GC(158) Pause Young (Normal) (G1 Evacuation Pause) 363M->365M(512M) 37.297ms
[2021-08-04T14:30:43.443-0300][7.081s][debug][gc] GC(157) Reclaimed 120 empty regions
[2021-08-04T14:30:43.444-0300][7.082s][info ][gc] GC(157) Pause Remark 379M->259M(512M) 1.063ms
[2021-08-04T14:30:43.475-0300][7.113s][info ][gc] GC(159) Pause Young (Normal) (G1 Evacuation Pause) 273M->276M(512M) 21.562ms
[2021-08-04T14:30:43.562-0300][7.200s][info ][gc] GC(160) Pause Young (Normal) (G1 Evacuation Pause) 352M->354M(512M) 34.884ms
[2021-08-04T14:30:43.592-0300][7.230s][info ][gc] GC(161) Pause Young (Normal) (G1 Evacuation Pause) 385M->388M(512M) 14.466ms
[2021-08-04T14:30:43.597-0300][7.235s][info ][gc] GC(157) Pause Cleanup 397M->397M(512M) 0.192ms
[2021-08-04T14:30:43.598-0300][7.236s][info ][gc] GC(157) Concurrent Cycle 244.046ms
[2021-08-04T14:30:43.613-0300][7.251s][info ][gc] GC(162) Pause Young (Prepare Mixed) (G1 Evacuation Pause) 409M->411M(512M) 10.190ms
[2021-08-04T14:30:43.634-0300][7.272s][info ][gc] GC(163) Pause Young (Mixed) (G1 Evacuation Pause) 432M->401M(512M) 12.490ms
[2021-08-04T14:30:43.653-0300][7.291s][info ][gc] GC(164) Pause Young (Concurrent Start) (G1 Evacuation Pause) 422M->425M(512M) 9.061ms
[2021-08-04T14:30:43.653-0300][7.291s][info ][gc] GC(165) Concurrent Cycle
[2021-08-04T14:30:43.686-0300][7.324s][info ][gc] GC(166) Pause Young (Normal) (G1 Evacuation Pause) 466M->468M(512M) 10.500ms
[2021-08-04T14:30:43.720-0300][7.358s][info ][gc] GC(167) To-space exhausted
[2021-08-04T14:30:43.720-0300][7.358s][info ][gc] GC(167) Pause Young (Normal) (G1 Evacuation Pause) 489M->501M(512M) 19.901ms
[2021-08-04T14:30:43.743-0300][7.381s][info ][gc] GC(168) To-space exhausted
[2021-08-04T14:30:43.743-0300][7.381s][info ][gc] GC(168) Pause Young (Normal) (G1 Evacuation Pause) 510M->510M(512M) 16.961ms
[2021-08-04T14:30:43.744-0300][7.382s][debug][gc] GC(169) Clear Next Bitmap 0.858ms
[2021-08-04T14:30:43.793-0300][7.431s][info ][gc] GC(169) Pause Full (G1 Evacuation Pause) 510M->59M(512M) 49.895ms
[2021-08-04T14:30:43.794-0300][7.432s][info ][gc] GC(165) Concurrent Cycle 140.869ms
[2021-08-04T14:30:43.925-0300][7.563s][info ][gc] GC(170) Pause Young (Normal) (G1 Evacuation Pause) 204M->205M(512M) 48.967ms
[2021-08-04T14:30:43.995-0300][7.633s][info ][gc] GC(171) Pause Young (Concurrent Start) (G1 Humongous Allocation) 271M->274M(512M) 32.484ms
[2021-08-04T14:30:43.995-0300][7.633s][info ][gc] GC(172) Concurrent Cycle
[2021-08-04T14:30:44.025-0300][7.663s][debug][gc] GC(172) Reclaimed 187 empty regions
[2021-08-04T14:30:44.025-0300][7.663s][info ][gc] GC(172) Pause Remark 329M->147M(512M) 1.112ms
[2021-08-04T14:30:44.075-0300][7.713s][info ][gc] GC(173) Pause Young (Normal) (G1 Evacuation Pause) 167M->157M(512M) 35.882ms
[2021-08-04T14:30:44.107-0300][7.745s][info ][gc] GC(172) Pause Cleanup 200M->200M(512M) 0.174ms
[2021-08-04T14:30:44.108-0300][7.746s][info ][gc] GC(172) Concurrent Cycle 113.026ms
[2021-08-04T14:30:44.154-0300][7.792s][info ][gc] GC(174) Pause Young (Concurrent Start) (G1 Humongous Allocation) 217M->219M(512M) 26.494ms
[2021-08-04T14:30:44.154-0300][7.792s][info ][gc] GC(175) Concurrent Cycle
[2021-08-04T14:30:44.170-0300][7.808s][debug][gc] GC(175) Reclaimed 141 empty regions
[2021-08-04T14:30:44.170-0300][7.808s][info ][gc] GC(175) Pause Remark 271M->130M(512M) 0.472ms
[2021-08-04T14:30:44.213-0300][7.851s][info ][gc] GC(176) Pause Young (Normal) (G1 Evacuation Pause) 172M->161M(512M) 23.654ms
[2021-08-04T14:30:44.216-0300][7.854s][info ][gc] GC(175) Pause Cleanup 167M->167M(512M) 0.094ms
[2021-08-04T14:30:44.216-0300][7.854s][info ][gc] GC(175) Concurrent Cycle 62.486ms
[2021-08-04T14:30:44.259-0300][7.897s][info ][gc] GC(177) Pause Young (Concurrent Start) (G1 Humongous Allocation) 202M->204M(512M) 17.695ms
[2021-08-04T14:30:44.259-0300][7.897s][info ][gc] GC(178) Concurrent Cycle
[2021-08-04T14:30:44.271-0300][7.909s][debug][gc] GC(178) Reclaimed 143 empty regions
[2021-08-04T14:30:44.271-0300][7.909s][info ][gc] GC(178) Pause Remark 248M->105M(512M) 0.478ms
[2021-08-04T14:30:44.289-0300][7.927s][info ][gc] GC(178) Pause Cleanup 143M->143M(512M) 0.134ms
[2021-08-04T14:30:44.291-0300][7.929s][info ][gc] GC(178) Concurrent Cycle 31.620ms
[2021-08-04T14:30:44.349-0300][7.987s][info ][gc] GC(179) Pause Young (Normal) (G1 Evacuation Pause) 160M->149M(512M) 49.748ms
[2021-08-04T14:30:44.412-0300][8.050s][info ][gc] GC(180) Pause Young (Concurrent Start) (G1 Humongous Allocation) 185M->188M(512M) 29.327ms
[2021-08-04T14:30:44.412-0300][8.050s][info ][gc] GC(181) Concurrent Cycle
[2021-08-04T14:30:44.429-0300][8.067s][debug][gc] GC(181) Reclaimed 131 empty regions
[2021-08-04T14:30:44.429-0300][8.067s][info ][gc] GC(181) Pause Remark 226M->95M(512M) 0.939ms
[2021-08-04T14:30:44.457-0300][8.094s][info ][gc] GC(181) Pause Cleanup 131M->131M(512M) 0.134ms
[2021-08-04T14:30:44.458-0300][8.096s][info ][gc] GC(181) Concurrent Cycle 45.824ms
[2021-08-04T14:30:44.514-0300][8.152s][info ][gc] GC(182) Pause Young (Normal) (G1 Evacuation Pause) 161M->148M(512M) 39.175ms
[2021-08-04T14:30:44.565-0300][8.203s][info ][gc] GC(183) Pause Young (Concurrent Start) (G1 Humongous Allocation) 179M->181M(512M) 24.683ms
[2021-08-04T14:30:44.566-0300][8.203s][info ][gc] GC(184) Concurrent Cycle
[2021-08-04T14:30:44.579-0300][8.217s][debug][gc] GC(184) Reclaimed 129 empty regions
[2021-08-04T14:30:44.579-0300][8.217s][info ][gc] GC(184) Pause Remark 218M->89M(512M) 0.603ms
[2021-08-04T14:30:44.595-0300][8.232s][info ][gc] GC(184) Pause Cleanup 115M->115M(512M) 0.141ms
[2021-08-04T14:30:44.596-0300][8.234s][info ][gc] GC(184) Concurrent Cycle 30.414ms
[2021-08-04T14:30:44.674-0300][8.311s][info ][gc] GC(185) Pause Young (Normal) (G1 Evacuation Pause) 158M->147M(512M) 51.680ms
[2021-08-04T14:30:44.729-0300][8.367s][info ][gc] GC(186) Pause Young (Concurrent Start) (G1 Humongous Allocation) 176M->178M(512M) 23.991ms
[2021-08-04T14:30:44.729-0300][8.367s][info ][gc] GC(187) Concurrent Cycle
[2021-08-04T14:30:44.741-0300][8.379s][debug][gc] GC(187) Reclaimed 127 empty regions
[2021-08-04T14:30:44.741-0300][8.379s][info ][gc] GC(187) Pause Remark 218M->91M(512M) 0.532ms
[2021-08-04T14:30:44.754-0300][8.392s][info ][gc] GC(187) Pause Cleanup 118M->118M(512M) 0.093ms
[2021-08-04T14:30:44.755-0300][8.393s][info ][gc] GC(187) Concurrent Cycle 25.512ms
[2021-08-04T14:30:44.803-0300][8.441s][info ][gc] GC(188) Pause Young (Normal) (G1 Evacuation Pause) 158M->147M(512M) 28.245ms
[2021-08-04T14:30:44.838-0300][8.476s][info ][gc] GC(189) Pause Young (Concurrent Start) (G1 Humongous Allocation) 175M->177M(512M) 14.587ms
[2021-08-04T14:30:44.839-0300][8.476s][info ][gc] GC(190) Concurrent Cycle
[2021-08-04T14:30:44.849-0300][8.487s][debug][gc] GC(190) Reclaimed 127 empty regions
[2021-08-04T14:30:44.849-0300][8.487s][info ][gc] GC(190) Pause Remark 216M->89M(512M) 0.464ms
[2021-08-04T14:30:44.859-0300][8.497s][info ][gc] GC(190) Pause Cleanup 114M->114M(512M) 0.121ms
[2021-08-04T14:30:44.860-0300][8.498s][info ][gc] GC(190) Concurrent Cycle 21.116ms
[2021-08-04T14:30:44.919-0300][8.556s][info ][gc] GC(191) Pause Young (Normal) (G1 Evacuation Pause) 157M->145M(512M) 41.069ms
[2021-08-04T14:30:44.975-0300][8.613s][info ][gc] GC(192) Pause Young (Concurrent Start) (G1 Humongous Allocation) 173M->176M(512M) 26.095ms
[2021-08-04T14:30:44.975-0300][8.613s][info ][gc] GC(193) Concurrent Cycle
[2021-08-04T14:30:44.994-0300][8.632s][debug][gc] GC(193) Reclaimed 126 empty regions
[2021-08-04T14:30:44.994-0300][8.632s][info ][gc] GC(193) Pause Remark 210M->84M(512M) 1.013ms
[2021-08-04T14:30:45.014-0300][8.652s][info ][gc] GC(193) Pause Cleanup 113M->113M(512M) 0.171ms
[2021-08-04T14:30:45.016-0300][8.654s][info ][gc] GC(193) Concurrent Cycle 40.328ms
[2021-08-04T14:30:45.076-0300][8.714s][info ][gc] GC(194) Pause Young (Normal) (G1 Evacuation Pause) 157M->145M(512M) 36.488ms
[2021-08-04T14:30:45.127-0300][8.764s][info ][gc] GC(195) Pause Young (Concurrent Start) (G1 Humongous Allocation) 173M->175M(512M) 22.430ms
[2021-08-04T14:30:45.127-0300][8.764s][info ][gc] GC(196) Concurrent Cycle
[2021-08-04T14:30:45.139-0300][8.777s][debug][gc] GC(196) Reclaimed 125 empty regions
[2021-08-04T14:30:45.139-0300][8.777s][info ][gc] GC(196) Pause Remark 215M->90M(512M) 0.529ms
[2021-08-04T14:30:45.157-0300][8.794s][info ][gc] GC(196) Pause Cleanup 118M->118M(512M) 0.112ms
[2021-08-04T14:30:45.157-0300][8.795s][info ][gc] GC(196) Concurrent Cycle 30.556ms
[2021-08-04T14:30:45.221-0300][8.859s][info ][gc] GC(197) Pause Young (Normal) (G1 Evacuation Pause) 158M->146M(512M) 44.833ms
[2021-08-04T14:30:45.268-0300][8.906s][info ][gc] GC(198) Pause Young (Concurrent Start) (G1 Humongous Allocation) 173M->175M(512M) 22.944ms
[2021-08-04T14:30:45.268-0300][8.906s][info ][gc] GC(199) Concurrent Cycle
[2021-08-04T14:30:45.287-0300][8.925s][debug][gc] GC(199) Reclaimed 127 empty regions
[2021-08-04T14:30:45.287-0300][8.925s][info ][gc] GC(199) Pause Remark 212M->85M(512M) 0.876ms
[2021-08-04T14:30:45.304-0300][8.942s][info ][gc] GC(199) Pause Cleanup 113M->113M(512M) 0.085ms
[2021-08-04T14:30:45.305-0300][8.943s][info ][gc] GC(199) Concurrent Cycle 36.537ms
[2021-08-04T14:30:45.370-0300][9.008s][info ][gc] GC(200) Pause Young (Normal) (G1 Evacuation Pause) 156M->144M(512M) 40.804ms
[2021-08-04T14:30:45.411-0300][9.049s][info ][gc] GC(201) Pause Young (Concurrent Start) (G1 Humongous Allocation) 171M->173M(512M) 15.731ms
[2021-08-04T14:30:45.411-0300][9.049s][info ][gc] GC(202) Concurrent Cycle
[2021-08-04T14:30:45.424-0300][9.062s][debug][gc] GC(202) Reclaimed 125 empty regions
[2021-08-04T14:30:45.424-0300][9.062s][info ][gc] GC(202) Pause Remark 213M->88M(512M) 1.038ms
[2021-08-04T14:30:45.438-0300][9.076s][info ][gc] GC(202) Pause Cleanup 113M->113M(512M) 0.103ms
[2021-08-04T14:30:45.439-0300][9.077s][info ][gc] GC(202) Concurrent Cycle 27.258ms
[2021-08-04T14:30:45.498-0300][9.136s][info ][gc] GC(203) Pause Young (Normal) (G1 Evacuation Pause) 156M->144M(512M) 37.997ms
[2021-08-04T14:30:45.549-0300][9.187s][info ][gc] GC(204) Pause Young (Concurrent Start) (G1 Humongous Allocation) 171M->174M(512M) 25.889ms
[2021-08-04T14:30:45.550-0300][9.187s][info ][gc] GC(205) Concurrent Cycle
[2021-08-04T14:30:45.570-0300][9.208s][debug][gc] GC(205) Reclaimed 125 empty regions
[2021-08-04T14:30:45.570-0300][9.208s][info ][gc] GC(205) Pause Remark 208M->83M(512M) 1.120ms
[2021-08-04T14:30:45.592-0300][9.230s][info ][gc] GC(205) Pause Cleanup 111M->111M(512M) 0.179ms
[2021-08-04T14:30:45.595-0300][9.233s][info ][gc] GC(205) Concurrent Cycle 45.247ms
[2021-08-04T14:30:45.679-0300][9.317s][info ][gc] GC(206) Pause Young (Normal) (G1 Evacuation Pause) 157M->145M(512M) 52.929ms
[2021-08-04T14:30:45.729-0300][9.367s][info ][gc] GC(207) Pause Young (Concurrent Start) (G1 Humongous Allocation) 172M->173M(512M) 22.125ms
[2021-08-04T14:30:45.730-0300][9.367s][info ][gc] GC(208) Concurrent Cycle
[2021-08-04T14:30:45.749-0300][9.386s][debug][gc] GC(208) Reclaimed 125 empty regions
[2021-08-04T14:30:45.749-0300][9.387s][info ][gc] GC(208) Pause Remark 207M->82M(512M) 0.690ms
[2021-08-04T14:30:45.770-0300][9.408s][info ][gc] GC(208) Pause Cleanup 112M->112M(512M) 0.154ms
[2021-08-04T14:30:45.771-0300][9.409s][info ][gc] GC(208) Concurrent Cycle 41.362ms
[2021-08-04T14:30:45.848-0300][9.486s][info ][gc] GC(209) Pause Young (Normal) (G1 Evacuation Pause) 156M->144M(512M) 51.351ms
[2021-08-04T14:30:45.967-0300][9.605s][info ][gc] GC(210) Pause Young (Normal) (G1 Evacuation Pause) 261M->263M(512M) 43.377ms
[2021-08-04T14:30:46.022-0300][9.660s][info ][gc] GC(211) Pause Young (Concurrent Start) (G1 Humongous Allocation) 308M->310M(512M) 22.681ms
[2021-08-04T14:30:46.023-0300][9.660s][info ][gc] GC(212) Concurrent Cycle
[2021-08-04T14:30:46.039-0300][9.677s][debug][gc] GC(212) Reclaimed 243 empty regions
[2021-08-04T14:30:46.039-0300][9.677s][info ][gc] GC(212) Pause Remark 354M->111M(512M) 0.667ms
[2021-08-04T14:30:46.066-0300][9.704s][info ][gc] GC(213) Pause Young (Normal) (G1 Evacuation Pause) 132M->124M(512M) 16.409ms
[2021-08-04T14:30:46.074-0300][9.712s][info ][gc] GC(212) Pause Cleanup 145M->145M(512M) 0.090ms
[2021-08-04T14:30:46.075-0300][9.713s][info ][gc] GC(212) Concurrent Cycle 52.439ms
[2021-08-04T14:30:46.218-0300][9.856s][info ][gc] GC(214) Pause Young (Normal) (G1 Evacuation Pause) 248M->250M(512M) 73.623ms
[2021-08-04T14:30:46.300-0300][9.938s][info ][gc] GC(215) Pause Young (Concurrent Start) (G1 Evacuation Pause) 314M->317M(512M) 37.305ms
[2021-08-04T14:30:46.300-0300][9.938s][info ][gc] GC(216) Concurrent Cycle
[2021-08-04T14:30:46.357-0300][9.995s][info ][gc] GC(217) Pause Young (Normal) (G1 Evacuation Pause) 380M->382M(512M) 20.761ms
[2021-08-04T14:30:46.377-0300][10.015s][info ][gc] GC(218) Pause Young (Normal) (G1 Evacuation Pause) 405M->408M(512M) 10.195ms
[2021-08-04T14:30:46.383-0300][10.021s][debug][gc] GC(216) Reclaimed 160 empty regions
[2021-08-04T14:30:46.383-0300][10.021s][info ][gc] GC(216) Pause Remark 417M->257M(512M) 1.251ms
[2021-08-04T14:30:46.410-0300][10.047s][info ][gc] GC(219) Pause Young (Normal) (G1 Evacuation Pause) 269M->272M(512M) 17.050ms
[2021-08-04T14:30:46.512-0300][10.150s][info ][gc] GC(220) Pause Young (Normal) (G1 Evacuation Pause) 349M->352M(512M) 39.704ms
[2021-08-04T14:30:46.553-0300][10.191s][info ][gc] GC(221) Pause Young (Normal) (G1 Evacuation Pause) 384M->386M(512M) 21.791ms
[2021-08-04T14:30:46.579-0300][10.217s][info ][gc] GC(222) Pause Young (Normal) (G1 Evacuation Pause) 407M->409M(512M) 11.461ms
[2021-08-04T14:30:46.585-0300][10.223s][info ][gc] GC(216) Pause Cleanup 417M->417M(512M) 0.208ms
[2021-08-04T14:30:46.588-0300][10.226s][info ][gc] GC(216) Concurrent Cycle 287.782ms
[2021-08-04T14:30:46.611-0300][10.249s][info ][gc] GC(223) Pause Young (Normal) (G1 Evacuation Pause) 430M->432M(512M) 15.677ms
[2021-08-04T14:30:46.633-0300][10.271s][info ][gc] GC(224) Pause Young (Concurrent Start) (G1 Evacuation Pause) 453M->455M(512M) 10.689ms
[2021-08-04T14:30:46.633-0300][10.271s][info ][gc] GC(225) Concurrent Cycle
[2021-08-04T14:30:46.675-0300][10.313s][info ][gc] GC(226) To-space exhausted
[2021-08-04T14:30:46.675-0300][10.313s][info ][gc] GC(226) Pause Young (Normal) (G1 Evacuation Pause) 496M->505M(512M) 16.832ms
[2021-08-04T14:30:46.686-0300][10.324s][info ][gc] GC(227) To-space exhausted
[2021-08-04T14:30:46.686-0300][10.324s][info ][gc] GC(227) Pause Young (Normal) (G1 Evacuation Pause) 510M->510M(512M) 8.423ms
[2021-08-04T14:30:46.687-0300][10.325s][debug][gc] GC(228) Clear Next Bitmap 1.402ms
[2021-08-04T14:30:46.711-0300][10.349s][info ][gc] GC(228) Pause Full (G1 Evacuation Pause) 510M->40M(512M) 24.747ms
[2021-08-04T14:30:46.711-0300][10.349s][info ][gc] GC(225) Concurrent Cycle 78.198ms
[2021-08-04T14:30:46.858-0300][10.496s][info ][gc] GC(229) Pause Young (Normal) (G1 Evacuation Pause) 191M->191M(512M) 49.206ms
[2021-08-04T14:30:46.944-0300][10.582s][info ][gc] GC(230) Pause Young (Concurrent Start) (G1 Humongous Allocation) 271M->273M(512M) 40.914ms
[2021-08-04T14:30:46.944-0300][10.582s][info ][gc] GC(231) Concurrent Cycle
[2021-08-04T14:30:46.967-0300][10.605s][debug][gc] GC(231) Reclaimed 173 empty regions
[2021-08-04T14:30:46.968-0300][10.605s][info ][gc] GC(231) Pause Remark 338M->169M(512M) 1.150ms
[2021-08-04T14:30:47.010-0300][10.647s][info ][gc] GC(232) Pause Young (Normal) (G1 Evacuation Pause) 180M->170M(512M) 32.367ms
[2021-08-04T14:30:47.048-0300][10.686s][info ][gc] GC(231) Pause Cleanup 225M->225M(512M) 0.211ms
[2021-08-04T14:30:47.051-0300][10.689s][info ][gc] GC(231) Concurrent Cycle 106.593ms
[2021-08-04T14:30:47.098-0300][10.735s][info ][gc] GC(233) Pause Young (Concurrent Start) (G1 Humongous Allocation) 229M->231M(512M) 34.048ms
[2021-08-04T14:30:47.098-0300][10.735s][info ][gc] GC(234) Concurrent Cycle
[2021-08-04T14:30:47.118-0300][10.756s][debug][gc] GC(234) Reclaimed 155 empty regions
[2021-08-04T14:30:47.118-0300][10.756s][info ][gc] GC(234) Pause Remark 281M->126M(512M) 1.066ms
[2021-08-04T14:30:47.178-0300][10.816s][info ][gc] GC(235) Pause Young (Normal) (G1 Evacuation Pause) 166M->156M(512M) 29.773ms
[2021-08-04T14:30:47.182-0300][10.820s][info ][gc] GC(234) Pause Cleanup 163M->163M(512M) 0.098ms
[2021-08-04T14:30:47.184-0300][10.822s][info ][gc] GC(234) Concurrent Cycle 86.335ms
[2021-08-04T14:30:47.246-0300][10.884s][info ][gc] GC(236) Pause Young (Concurrent Start) (G1 Humongous Allocation) 201M->202M(512M) 28.075ms
[2021-08-04T14:30:47.246-0300][10.884s][info ][gc] GC(237) Concurrent Cycle
[2021-08-04T14:30:47.263-0300][10.900s][debug][gc] GC(237) Reclaimed 139 empty regions
[2021-08-04T14:30:47.263-0300][10.900s][info ][gc] GC(237) Pause Remark 250M->111M(512M) 0.569ms
[2021-08-04T14:30:47.281-0300][10.919s][info ][gc] GC(237) Pause Cleanup 149M->149M(512M) 0.093ms
[2021-08-04T14:30:47.282-0300][10.920s][info ][gc] GC(237) Concurrent Cycle 36.178ms
[2021-08-04T14:30:47.320-0300][10.957s][info ][gc] GC(238) Pause Young (Normal) (G1 Evacuation Pause) 162M->150M(512M) 31.811ms
[2021-08-04T14:30:47.365-0300][11.003s][info ][gc] GC(239) Pause Young (Concurrent Start) (G1 Humongous Allocation) 186M->189M(512M) 18.849ms
[2021-08-04T14:30:47.365-0300][11.003s][info ][gc] GC(240) Concurrent Cycle
[2021-08-04T14:30:47.377-0300][11.015s][debug][gc] GC(240) Reclaimed 133 empty regions
[2021-08-04T14:30:47.377-0300][11.015s][info ][gc] GC(240) Pause Remark 231M->98M(512M) 0.492ms
[2021-08-04T14:30:47.399-0300][11.036s][info ][gc] GC(240) Pause Cleanup 134M->134M(512M) 0.183ms
[2021-08-04T14:30:47.401-0300][11.039s][info ][gc] GC(240) Concurrent Cycle 35.524ms
[2021-08-04T14:30:47.471-0300][11.109s][info ][gc] GC(241) Pause Young (Normal) (G1 Evacuation Pause) 159M->147M(512M) 54.342ms
[2021-08-04T14:30:47.529-0300][11.167s][info ][gc] GC(242) Pause Young (Concurrent Start) (G1 Humongous Allocation) 179M->180M(512M) 24.616ms
[2021-08-04T14:30:47.529-0300][11.167s][info ][gc] GC(243) Concurrent Cycle
[2021-08-04T14:30:47.542-0300][11.180s][debug][gc] GC(243) Reclaimed 128 empty regions
[2021-08-04T14:30:47.543-0300][11.180s][info ][gc] GC(243) Pause Remark 221M->93M(512M) 0.502ms
[2021-08-04T14:30:47.557-0300][11.195s][info ][gc] GC(243) Pause Cleanup 120M->120M(512M) 0.164ms
[2021-08-04T14:30:47.559-0300][11.197s][info ][gc] GC(243) Concurrent Cycle 29.552ms
[2021-08-04T14:30:47.610-0300][11.248s][info ][gc] GC(244) Pause Young (Normal) (G1 Evacuation Pause) 158M->147M(512M) 29.448ms
[2021-08-04T14:30:47.651-0300][11.289s][info ][gc] GC(245) Pause Young (Concurrent Start) (G1 Humongous Allocation) 176M->178M(512M) 18.126ms
[2021-08-04T14:30:47.651-0300][11.289s][info ][gc] GC(246) Concurrent Cycle
[2021-08-04T14:30:47.663-0300][11.300s][debug][gc] GC(246) Reclaimed 127 empty regions
[2021-08-04T14:30:47.663-0300][11.300s][info ][gc] GC(246) Pause Remark 218M->91M(512M) 0.533ms
[2021-08-04T14:30:47.678-0300][11.315s][info ][gc] GC(246) Pause Cleanup 119M->119M(512M) 0.138ms
[2021-08-04T14:30:47.678-0300][11.316s][info ][gc] GC(246) Concurrent Cycle 26.907ms
[2021-08-04T14:30:47.741-0300][11.379s][info ][gc] GC(247) Pause Young (Normal) (G1 Evacuation Pause) 158M->146M(512M) 43.789ms
[2021-08-04T14:30:47.800-0300][11.438s][info ][gc] GC(248) Pause Young (Concurrent Start) (G1 Humongous Allocation) 174M->177M(512M) 27.896ms
[2021-08-04T14:30:47.800-0300][11.438s][info ][gc] GC(249) Concurrent Cycle
[2021-08-04T14:30:47.816-0300][11.454s][debug][gc] GC(249) Reclaimed 127 empty regions
[2021-08-04T14:30:47.816-0300][11.454s][info ][gc] GC(249) Pause Remark 211M->84M(512M) 0.602ms
[2021-08-04T14:30:47.833-0300][11.471s][info ][gc] GC(249) Pause Cleanup 112M->112M(512M) 0.106ms
[2021-08-04T14:30:47.834-0300][11.472s][info ][gc] GC(249) Concurrent Cycle 33.854ms
[2021-08-04T14:30:47.894-0300][11.531s][info ][gc] GC(250) Pause Young (Normal) (G1 Evacuation Pause) 157M->145M(512M) 37.323ms
[2021-08-04T14:30:48.006-0300][11.644s][info ][gc] GC(251) Pause Young (Normal) (G1 Evacuation Pause) 262M->265M(512M) 47.957ms
